// Jest Snapshot v1, https://goo.gl/fbAQLP

exports[`should render AddExpensePage correctly 1`] = `
<div
  className="content-container"
>
  <div
    className="page-header"
  >
    <h1
      className="page-header__title"
    >
      Add Expense
    </h1>
  </div>
  <ExpenseForm
    handleSubmit={[Function]}
  />
</div>
`;
