// Jest Snapshot v1, https://goo.gl/fbAQLP

exports[`should render EditExpensePage correctly 1`] = `
<div
  className="content-container"
>
  <div
    className="page-header"
  >
    <h1
      className="page-header__title"
    >
      Save expense
    </h1>
  </div>
  <ExpenseForm
    expense={
      Object {
        "amount": 3980,
        "createdOn": 1598742000000,
        "description": "Train ticket",
        "guid": "157eccc1-92ba-4403-8a69-493e9cb135f7",
        "notes": "Return to London Waterloo",
      }
    }
    handleSubmit={[Function]}
  />
  <div
    className="form__remove"
  >
    <button
      className="button button--remove"
      onClick={[Function]}
    >
      Remove expense
    </button>
  </div>
</div>
`;
