// Jest Snapshot v1, https://goo.gl/fbAQLP

exports[`should render ExpenseListItem correctly 1`] = `
<Link
  className="list-item"
  to="/edit/157eccc1-92ba-4403-8a69-493e9cb135f7"
>
  <div>
    <h3
      className="list-item__description"
    >
      Train ticket
    </h3>
    <span
      className="list-item__date"
    >
      30th August, 2020
    </span>
  </div>
  <h3
    className="list-item__amount"
  >
    £39.80
  </h3>
</Link>
`;
